Progress: resolved 1, reused 0, downloaded 0, added 0
Progress: resolved 17, reused 17, downloaded 0, added 0
Progress: resolved 172, reused 172, downloaded 0, added 0
Progress: resolved 204, reused 204, downloaded 0, added 0
Progress: resolved 243, reused 220, downloaded 0, added 0
 WARN  1 deprecated subdependencies found: glob@11.1.0
Packages: +221
++++++++++++++++++++++++++++++++++++++++++++++++++++++++++++++++++++++++++++++++
Progress: resolved 244, reused 221, downloaded 0, added 221, done

dependencies:
+ @fastify/cors 11.3.0
+ @fastify/static 8.3.0 (10.1.5 is available)
+ @modelcontextprotocol/sdk 1.32.0
+ chokidar 4.0.3 (5.0.0 is available)
+ fastify 5.12.5
+ yaml 2.9.1

devDependencies:
+ @open-hax/protocols 0.1.0
+ @open-hax/uxx-helix 0.1.0
+ @vitejs/plugin-react 6.1.1
+ dompurify 3.4.16
+ helix 0.3.1
+ marked 18.0.14
+ process 0.11.10
+ react 19.3.0
+ react-dom 19.3.0
+ scheduler 0.23.2 (0.28.0 is available)
+ shadow-cljs 3.5.4
+ ws 8.22.0

Done in 4.9s using pnpm v10.15.0
