
===== tool_versions =====
command: bash -euo pipefail -c $'\n  node --version\n  pnpm --version\n  java -version\n  clj-kondo --version\n'
v22.23.3
10.14.0
openjdk version "21.0.12.1" 2026-08-18 LTS
OpenJDK Runtime Environment Temurin-21.0.12.1+1 (build 21.0.12.1+1-LTS)
OpenJDK 64-Bit Server VM Temurin-21.0.12.1+1 (build 21.0.12.1+1-LTS, mixed mode, sharing)
clj-kondo v2025.10.23
tool_versions: exit 0

===== generated_path_policy =====
command: bash -euo pipefail -c $'\n  # Checkout-local, untracked generated inputs/output only. Tracked\n  # changes still fail the reusable workflow completion guard.\n  exclude_path="$(git rev-parse --git-path info/exclude)"\n  mkdir -p "$(dirname "$exclude_path")"\n  printf "%s\\n" /node_modules/ /deps/protocols/src/ /deps/chat-ui/src/ \\\n    /.shadow-cljs/ /.clj-kondo/.cache/ /dist/ >> "$exclude_path"\n'
generated_path_policy: exit 0

===== install =====
command: env -u NODE_PATH pnpm install --no-frozen-lockfile --no-lockfile
Progress: resolved 1, reused 0, downloaded 0, added 0
Progress: resolved 17, reused 0, downloaded 16, added 0
Progress: resolved 17, reused 0, downloaded 17, added 0
Packages are hard linked from the content-addressable store to the virtual store.
  Content-addressable store is at: /home/runner/setup-pnpm/node_modules/.bin/store/v10
  Virtual store is at:             node_modules/.pnpm
Progress: resolved 183, reused 0, downloaded 164, added 0
 WARN  1 deprecated subdependencies found: glob@11.1.0
Packages: +221
++++++++++++++++++++++++++++++++++++++++++++++++++++++++++++++++++++++++++++++++
Progress: resolved 244, reused 0, downloaded 221, added 221, done

dependencies:
+ @fastify/cors 11.3.0
+ @fastify/static 8.3.0 (10.1.5 is available)
+ @modelcontextprotocol/sdk 1.32.0
+ chokidar 4.0.3 (5.0.0 is available)
+ fastify 5.12.5
+ yaml 2.9.1

devDependencies:
+ @open-hax/protocols 0.1.0
+ @open-hax/uxx-helix 0.1.0
+ @vitejs/plugin-react 6.1.1
+ dompurify 3.4.16
+ helix 0.3.1
+ marked 18.0.14
+ process 0.11.10
+ react 19.3.0
+ react-dom 19.3.0
+ scheduler 0.23.2 (0.28.0 is available)
+ shadow-cljs 3.5.4
+ ws 8.22.0

Done in 4.1s using pnpm v10.14.0
install: exit 0

===== bootstrap =====
command: env -u NODE_PATH bash -euo pipefail -c $'\n      bash scripts/bootstrap-source-deps.sh\n      for source_dir in deps/protocols/src deps/chat-ui/src; do\n        test -d "$source_dir"\n        test -n "$(find "$source_dir" -type f -print -quit)"\n      done\n    '
Fetching Protocols source from eta-mu@0ed56aa74a53a1d1e9c2e55ce95451817a7f3a90...
  protocols/src: 21 files
Fetching Chat UI source from open-hax/chat-ui@86385532b4f8606946555d0ada8e3fb22f35b4c3...
  chat-ui/src: 10 files
Source deps ready at /home/runner/work/rheos/rheos/deps
bootstrap: exit 0

===== lint =====
command: env -u NODE_PATH pnpm lint:kondo

> @eta-mu/rheos@0.1.0 lint:kondo /home/runner/work/rheos/rheos
> clj-kondo --lint src test

src/rheos/backend/domain/compose.cljs:6:14: info: a domain namespace must not require rheos.backend.infra.ledger (infra): domain depends on law, shape, and its own layer.
src/rheos/backend/domain/compose.cljs:7:14: info: a domain namespace must not require rheos.backend.infra.task-store (infra): domain depends on law, shape, and its own layer.
src/rheos/backend/law/fsm.cljs:7:14: info: a law namespace must not require the host: "node:child_process". Decode foreign data in extern.*, orchestrate effects in infra.*.
src/rheos/backend/shape/content_parser.cljs:4:14: info: a shape namespace must not require rheos.backend.extern.yaml (extern): shape depends on law and its own layer.
src/rheos/ui/domain/layout.cljs:11:14: info: a domain namespace must not require rheos.ui.infra.api (infra): domain depends on law, shape, and its own layer.
src/rheos/ui/domain/layout.cljs:12:14: info: a domain namespace must not require rheos.ui.infra.ledger-stream (infra): domain depends on law, shape, and its own layer.
src/rheos/ui/domain/orchestrator.cljs:17:14: info: a domain namespace must not require rheos.ui.infra.chat-session (infra): domain depends on law, shape, and its own layer.
src/rheos/ui/domain/sidebar.cljs:7:14: info: a domain namespace must not require the host: "marked". Decode foreign data in extern.*, orchestrate effects in infra.*.
src/rheos/ui/domain/sidebar.cljs:8:14: info: a domain namespace must not require the host: "dompurify". Decode foreign data in extern.*, orchestrate effects in infra.*.
linting took 561ms, errors: 0, warnings: 0
lint: exit 0

===== test =====
command: env -u NODE_PATH pnpm test

> @eta-mu/rheos@0.1.0 test /home/runner/work/rheos/rheos
> shadow-cljs compile test && node dist/test.cjs

shadow-cljs - config: /home/runner/work/rheos/rheos/shadow-cljs.edn
shadow-cljs - updating dependencies
Retrieving thheller/shadow-cljs/3.5.4/shadow-cljs-3.5.4.pom from https://repo.clojars.org/
Retrieving org/clojure/clojure/1.12.6/clojure-1.12.6.pom from https://repo1.maven.org/maven2/
Retrieving org/clojure/spec.alpha/0.5.238/spec.alpha-0.5.238.pom from https://repo1.maven.org/maven2/
Retrieving org/clojure/pom.contrib/1.2.0/pom.contrib-1.2.0.pom from https://repo1.maven.org/maven2/
Retrieving org/clojure/core.specs.alpha/0.4.74/core.specs.alpha-0.4.74.pom from https://repo1.maven.org/maven2/
Retrieving org/clojure/data.json/2.5.2/data.json-2.5.2.pom from https://repo1.maven.org/maven2/
Retrieving org/clojure/pom.contrib/1.4.0/pom.contrib-1.4.0.pom from https://repo1.maven.org/maven2/
Retrieving org/clojure/clojure/1.11.4/clojure-1.11.4.pom from https://repo1.maven.org/maven2/
Retrieving org/clojure/spec.alpha/0.3.218/spec.alpha-0.3.218.pom from https://repo1.maven.org/maven2/
Retrieving org/clojure/pom.contrib/1.1.0/pom.contrib-1.1.0.pom from https://repo1.maven.org/maven2/
Retrieving org/clojure/core.specs.alpha/0.2.62/core.specs.alpha-0.2.62.pom from https://repo1.maven.org/maven2/
Retrieving org/clojure/tools.cli/1.1.230/tools.cli-1.1.230.pom from https://repo1.maven.org/maven2/
Retrieving org/clojure/clojure/1.9.0/clojure-1.9.0.pom from https://repo1.maven.org/maven2/
Retrieving org/clojure/spec.alpha/0.1.143/spec.alpha-0.1.143.pom from https://repo1.maven.org/maven2/
Retrieving org/clojure/pom.contrib/0.2.2/pom.contrib-0.2.2.pom from https://repo1.maven.org/maven2/
Retrieving org/clojure/core.specs.alpha/0.1.24/core.specs.alpha-0.1.24.pom from https://repo1.maven.org/maven2/
Retrieving org/clojure/tools.reader/1.6.0/tools.reader-1.6.0.pom from https://repo1.maven.org/maven2/
Retrieving nrepl/nrepl/1.3.1/nrepl-1.3.1.pom from https://repo.clojars.org/
Retrieving cider/piggieback/0.6.0/piggieback-0.6.0.pom from https://repo.clojars.org/
Retrieving com/cognitect/transit-clj/1.0.333/transit-clj-1.0.333.pom from https://repo1.maven.org/maven2/
Retrieving com/cognitect/transit-java/1.0.371/transit-java-1.0.371.pom from https://repo1.maven.org/maven2/
Retrieving com/fasterxml/jackson/core/jackson-core/2.14.2/jackson-core-2.14.2.pom from https://repo1.maven.org/maven2/
Retrieving com/fasterxml/jackson/jackson-base/2.14.2/jackson-base-2.14.2.pom from https://repo1.maven.org/maven2/
Retrieving com/fasterxml/jackson/jackson-bom/2.14.2/jackson-bom-2.14.2.pom from https://repo1.maven.org/maven2/
Retrieving com/fasterxml/jackson/jackson-parent/2.14/jackson-parent-2.14.pom from https://repo1.maven.org/maven2/
Retrieving com/fasterxml/oss-parent/48/oss-parent-48.pom from https://repo1.maven.org/maven2/
Retrieving org/msgpack/msgpack/0.6.12/msgpack-0.6.12.pom from https://repo1.maven.org/maven2/
Retrieving org/sonatype/oss/oss-parent/7/oss-parent-7.pom from https://repo1.maven.org/maven2/
Retrieving com/googlecode/json-simple/json-simple/1.1.1/json-simple-1.1.1.pom from https://repo1.maven.org/maven2/
Retrieving org/javassist/javassist/3.18.1-GA/javassist-3.18.1-GA.pom from https://repo1.maven.org/maven2/
Retrieving javax/xml/bind/jaxb-api/2.4.0-b180830.0359/jaxb-api-2.4.0-b180830.0359.pom from https://repo1.maven.org/maven2/
Retrieving javax/xml/bind/jaxb-api-parent/2.4.0-b180830.0359/jaxb-api-parent-2.4.0-b180830.0359.pom from https://repo1.maven.org/maven2/
Retrieving net/java/jvnet-parent/5/jvnet-parent-5.pom from https://repo1.maven.org/maven2/
Retrieving javax/activation/javax.activation-api/1.2.0/javax.activation-api-1.2.0.pom from https://repo1.maven.org/maven2/
Retrieving com/sun/activation/all/1.2.0/all-1.2.0.pom from https://repo1.maven.org/maven2/
Retrieving net/java/jvnet-parent/1/jvnet-parent-1.pom from https://repo1.maven.org/maven2/
Retrieving com/cognitect/transit-cljs/0.8.280/transit-cljs-0.8.280.pom from https://repo1.maven.org/maven2/
Retrieving com/cognitect/transit-js/0.8.874/transit-js-0.8.874.pom from https://repo1.maven.org/maven2/
Retrieving org/clojure/core.async/1.9.865/core.async-1.9.865.pom from https://repo1.maven.org/maven2/
Retrieving org/clojure/tools.analyzer.jvm/1.3.3/tools.analyzer.jvm-1.3.3.pom from https://repo1.maven.org/maven2/
Retrieving org/clojure/pom.contrib/1.3.0/pom.contrib-1.3.0.pom from https://repo1.maven.org/maven2/
Retrieving org/clojure/tools.analyzer/1.2.0/tools.analyzer-1.2.0.pom from https://repo1.maven.org/maven2/
Retrieving org/clojure/core.memoize/1.1.266/core.memoize-1.1.266.pom from https://repo1.maven.org/maven2/
Retrieving org/clojure/core.cache/1.1.234/core.cache-1.1.234.pom from https://repo1.maven.org/maven2/
Retrieving org/clojure/data.priority-map/1.2.0/data.priority-map-1.2.0.pom from https://repo1.maven.org/maven2/
Retrieving org/ow2/asm/asm/9.2/asm-9.2.pom from https://repo1.maven.org/maven2/
Retrieving org/ow2/ow2/1.5/ow2-1.5.pom from https://repo1.maven.org/maven2/
Retrieving org/clojure/tools.reader/1.5.0/tools.reader-1.5.0.pom from https://repo1.maven.org/maven2/
Retrieving org/clojure/clojurescript/1.12.145/clojurescript-1.12.145.pom from https://repo1.maven.org/maven2/
Retrieving org/clojure/clojure/1.10.0/clojure-1.10.0.pom from https://repo1.maven.org/maven2/
Retrieving org/clojure/spec.alpha/0.2.176/spec.alpha-0.2.176.pom from https://repo1.maven.org/maven2/
Retrieving org/clojure/core.specs.alpha/0.2.44/core.specs.alpha-0.2.44.pom from https://repo1.maven.org/maven2/
Retrieving com/cognitect/transit-java/1.0.362/transit-java-1.0.362.pom from https://repo1.maven.org/maven2/
Retrieving com/fasterxml/jackson/core/jackson-core/2.8.7/jackson-core-2.8.7.pom from https://repo1.maven.org/maven2/
Retrieving com/fasterxml/jackson/jackson-parent/2.8/jackson-parent-2.8.pom from https://repo1.maven.org/maven2/
Retrieving com/fasterxml/oss-parent/27/oss-parent-27.pom from https://repo1.maven.org/maven2/
Retrieving javax/xml/bind/jaxb-api/2.3.0/jaxb-api-2.3.0.pom from https://repo1.maven.org/maven2/
Retrieving javax/xml/bind/jaxb-api-parent/2.3.0/jaxb-api-parent-2.3.0.pom from https://repo1.maven.org/maven2/
Retrieving org/clojure/tools.reader/1.3.6/tools.reader-1.3.6.pom from https://repo1.maven.org/maven2/
Retrieving org/clojure/clojure/1.5.1/clojure-1.5.1.pom from https://repo1.maven.org/maven2/
Retrieving org/sonatype/oss/oss-parent/5/oss-parent-5.pom from https://repo1.maven.org/maven2/
Retrieving com/google/javascript/closure-compiler/v20260907/closure-compiler-v20260907.pom from https://repo1.maven.org/maven2/
Retrieving com/google/javascript/closure-compiler-main/v20260907/closure-compiler-main-v20260907.pom from https://repo1.maven.org/maven2/
Retrieving com/google/javascript/closure-compiler-parent/v20260907/closure-compiler-parent-v20260907.pom from https://repo1.maven.org/maven2/
Retrieving org/clojure/google-closure-library/0.0-20250515-f04e4c0e/google-closure-library-0.0-20250515-f04e4c0e.pom from https://repo1.maven.org/maven2/
Retrieving org/sonatype/oss/oss-parent/9/oss-parent-9.pom from https://repo1.maven.org/maven2/
Retrieving org/clojure/google-closure-library-third-party/0.0-20250515-f04e4c0e/google-closure-library-third-party-0.0-20250515-f04e4c0e.pom from https://repo1.maven.org/maven2/
Retrieving thheller/shadow-util/0.7.0/shadow-util-0.7.0.pom from https://repo.clojars.org/
Retrieving hiccup/hiccup/1.0.5/hiccup-1.0.5.pom from https://repo.clojars.org/
Retrieving org/clojure/clojure/1.2.1/clojure-1.2.1.pom from https://repo1.maven.org/maven2/
Retrieving thheller/shadow-client/1.4.0/shadow-client-1.4.0.pom from https://repo.clojars.org/
Retrieving thheller/shadow-cljsjs/0.0.22/shadow-cljsjs-0.0.22.pom from https://repo.clojars.org/
Retrieving com/thheller/shadow-http/0.1.11/shadow-http-0.1.11.pom from https://repo.clojars.org/
Retrieving ring/ring-core/1.15.3/ring-core-1.15.3.pom from https://repo.clojars.org/
Retrieving org/ring-clojure/ring-core-protocols/1.15.3/ring-core-protocols-1.15.3.pom from https://repo.clojars.org/
Retrieving org/ring-clojure/ring-websocket-protocols/1.15.3/ring-websocket-protocols-1.15.3.pom from https://repo.clojars.org/
Retrieving ring/ring-codec/1.3.0/ring-codec-1.3.0.pom from https://repo.clojars.org/
Retrieving commons-io/commons-io/2.20.0/commons-io-2.20.0.pom from https://repo1.maven.org/maven2/
Retrieving org/apache/commons/commons-parent/85/commons-parent-85.pom from https://repo1.maven.org/maven2/
Retrieving org/apache/apache/35/apache-35.pom from https://repo1.maven.org/maven2/
Retrieving org/junit/junit-bom/5.13.1/junit-bom-5.13.1.pom from https://repo1.maven.org/maven2/
Retrieving org/apache/commons/commons-fileupload2-core/2.0.0-M4/commons-fileupload2-core-2.0.0-M4.pom from https://repo1.maven.org/maven2/
Retrieving org/apache/commons/commons-fileupload2/2.0.0-M4/commons-fileupload2-2.0.0-M4.pom from https://repo1.maven.org/maven2/
Retrieving org/apache/commons/commons-parent/84/commons-parent-84.pom from https://repo1.maven.org/maven2/
Retrieving org/apache/apache/34/apache-34.pom from https://repo1.maven.org/maven2/
Retrieving org/junit/junit-bom/5.12.2/junit-bom-5.12.2.pom from https://repo1.maven.org/maven2/
Retrieving commons-io/commons-io/2.19.0/commons-io-2.19.0.pom from https://repo1.maven.org/maven2/
Retrieving org/apache/commons/commons-parent/81/commons-parent-81.pom from https://repo1.maven.org/maven2/
Retrieving org/apache/apache/33/apache-33.pom from https://repo1.maven.org/maven2/
Retrieving org/junit/junit-bom/5.11.4/junit-bom-5.11.4.pom from https://repo1.maven.org/maven2/
Retrieving crypto-random/crypto-random/1.2.1/crypto-random-1.2.1.pom from https://repo.clojars.org/
Retrieving org/clojure/clojure/1.7.0/clojure-1.7.0.pom from https://repo1.maven.org/maven2/
Retrieving commons-codec/commons-codec/1.15/commons-codec-1.15.pom from https://repo1.maven.org/maven2/
Retrieving org/apache/commons/commons-parent/52/commons-parent-52.pom from https://repo1.maven.org/maven2/
Retrieving org/apache/apache/23/apache-23.pom from https://repo1.maven.org/maven2/
Retrieving crypto-equality/crypto-equality/1.0.1/crypto-equality-1.0.1.pom from https://repo.clojars.org/
Retrieving expound/expound/0.9.0/expound-0.9.0.pom from https://repo.clojars.org/
Retrieving fipp/fipp/0.6.27/fipp-0.6.27.pom from https://repo.clojars.org/
Retrieving org/clojure/clojure/1.8.0/clojure-1.8.0.pom from https://repo1.maven.org/maven2/
Retrieving org/clojure/core.rrb-vector/0.1.2/core.rrb-vector-0.1.2.pom from https://repo1.maven.org/maven2/
Retrieving org/clojure/clojure/1.6.0/clojure-1.6.0.pom from https://repo1.maven.org/maven2/
Retrieving com/bhauman/cljs-test-display/0.1.1/cljs-test-display-0.1.1.pom from https://repo.clojars.org/
Retrieving lilactown/helix/0.2.2/helix-0.2.2.pom from https://repo.clojars.org/
Retrieving cljs-bean/cljs-bean/1.9.0/cljs-bean-1.9.0.pom from https://repo.clojars.org/
Retrieving metosin/malli/0.16.4/malli-0.16.4.pom from https://repo.clojars.org/
Retrieving fipp/fipp/0.6.26/fipp-0.6.26.pom from https://repo.clojars.org/
Retrieving mvxcvi/arrangement/2.1.0/arrangement-2.1.0.pom from https://repo.clojars.org/
Retrieving borkdude/dynaload/0.3.5/dynaload-0.3.5.pom from https://repo.clojars.org/
Retrieving borkdude/edamame/1.4.27/edamame-1.4.27.pom from https://repo.clojars.org/
Retrieving org/clojure/tools.reader/1.3.4/tools.reader-1.3.4.pom from https://repo1.maven.org/maven2/
Retrieving org/clojure/test.check/1.1.1/test.check-1.1.1.pom from https://repo1.maven.org/maven2/
Retrieving org/clojure/spec.alpha/0.5.238/spec.alpha-0.5.238.jar from https://repo1.maven.org/maven2/
Retrieving org/clojure/data.json/2.5.2/data.json-2.5.2.jar from https://repo1.maven.org/maven2/
Retrieving org/clojure/clojure/1.12.6/clojure-1.12.6.jar from https://repo1.maven.org/maven2/
Retrieving org/clojure/core.specs.alpha/0.4.74/core.specs.alpha-0.4.74.jar from https://repo1.maven.org/maven2/
Retrieving org/clojure/tools.cli/1.1.230/tools.cli-1.1.230.jar from https://repo1.maven.org/maven2/
Retrieving org/clojure/tools.reader/1.6.0/tools.reader-1.6.0.jar from https://repo1.maven.org/maven2/
Retrieving com/cognitect/transit-clj/1.0.333/transit-clj-1.0.333.jar from https://repo1.maven.org/maven2/
Retrieving com/googlecode/json-simple/json-simple/1.1.1/json-simple-1.1.1.jar from https://repo1.maven.org/maven2/
Retrieving com/cognitect/transit-java/1.0.371/transit-java-1.0.371.jar from https://repo1.maven.org/maven2/
Retrieving org/msgpack/msgpack/0.6.12/msgpack-0.6.12.jar from https://repo1.maven.org/maven2/
Retrieving com/fasterxml/jackson/core/jackson-core/2.14.2/jackson-core-2.14.2.jar from https://repo1.maven.org/maven2/
Retrieving org/javassist/javassist/3.18.1-GA/javassist-3.18.1-GA.jar from https://repo1.maven.org/maven2/
Retrieving javax/activation/javax.activation-api/1.2.0/javax.activation-api-1.2.0.jar from https://repo1.maven.org/maven2/
Retrieving javax/xml/bind/jaxb-api/2.4.0-b180830.0359/jaxb-api-2.4.0-b180830.0359.jar from https://repo1.maven.org/maven2/
Retrieving com/cognitect/transit-cljs/0.8.280/transit-cljs-0.8.280.jar from https://repo1.maven.org/maven2/
Retrieving org/clojure/core.async/1.9.865/core.async-1.9.865.jar from https://repo1.maven.org/maven2/
Retrieving com/cognitect/transit-js/0.8.874/transit-js-0.8.874.jar from https://repo1.maven.org/maven2/
Retrieving org/clojure/tools.analyzer.jvm/1.3.3/tools.analyzer.jvm-1.3.3.jar from https://repo1.maven.org/maven2/
Retrieving org/clojure/tools.analyzer/1.2.0/tools.analyzer-1.2.0.jar from https://repo1.maven.org/maven2/
Retrieving org/clojure/core.memoize/1.1.266/core.memoize-1.1.266.jar from https://repo1.maven.org/maven2/
Retrieving org/clojure/core.cache/1.1.234/core.cache-1.1.234.jar from https://repo1.maven.org/maven2/
Retrieving org/clojure/data.priority-map/1.2.0/data.priority-map-1.2.0.jar from https://repo1.maven.org/maven2/
Retrieving org/ow2/asm/asm/9.2/asm-9.2.jar from https://repo1.maven.org/maven2/
Retrieving org/clojure/clojurescript/1.12.145/clojurescript-1.12.145.jar from https://repo1.maven.org/maven2/
Retrieving com/google/javascript/closure-compiler/v20260907/closure-compiler-v20260907.jar from https://repo1.maven.org/maven2/
Retrieving org/clojure/google-closure-library-third-party/0.0-20250515-f04e4c0e/google-closure-library-third-party-0.0-20250515-f04e4c0e.jar from https://repo1.maven.org/maven2/
Retrieving org/clojure/google-closure-library/0.0-20250515-f04e4c0e/google-closure-library-0.0-20250515-f04e4c0e.jar from https://repo1.maven.org/maven2/
Retrieving commons-io/commons-io/2.20.0/commons-io-2.20.0.jar from https://repo1.maven.org/maven2/
Retrieving org/apache/commons/commons-fileupload2-core/2.0.0-M4/commons-fileupload2-core-2.0.0-M4.jar from https://repo1.maven.org/maven2/
Retrieving commons-codec/commons-codec/1.15/commons-codec-1.15.jar from https://repo1.maven.org/maven2/
Retrieving org/clojure/core.rrb-vector/0.1.2/core.rrb-vector-0.1.2.jar from https://repo1.maven.org/maven2/
Retrieving org/clojure/test.check/1.1.1/test.check-1.1.1.jar from https://repo1.maven.org/maven2/
Retrieving thheller/shadow-cljs/3.5.4/shadow-cljs-3.5.4-aot.jar from https://repo.clojars.org/
Retrieving thheller/shadow-util/0.7.0/shadow-util-0.7.0.jar from https://repo.clojars.org/
Retrieving cider/piggieback/0.6.0/piggieback-0.6.0.jar from https://repo.clojars.org/
Retrieving thheller/shadow-client/1.4.0/shadow-client-1.4.0.jar from https://repo.clojars.org/
Retrieving thheller/shadow-cljsjs/0.0.22/shadow-cljsjs-0.0.22.jar from https://repo.clojars.org/
Retrieving com/thheller/shadow-http/0.1.11/shadow-http-0.1.11.jar from https://repo.clojars.org/
Retrieving hiccup/hiccup/1.0.5/hiccup-1.0.5.jar from https://repo.clojars.org/
Retrieving org/ring-clojure/ring-core-protocols/1.15.3/ring-core-protocols-1.15.3.jar from https://repo.clojars.org/
Retrieving ring/ring-core/1.15.3/ring-core-1.15.3.jar from https://repo.clojars.org/
Retrieving org/ring-clojure/ring-websocket-protocols/1.15.3/ring-websocket-protocols-1.15.3.jar from https://repo.clojars.org/
Retrieving nrepl/nrepl/1.3.1/nrepl-1.3.1.jar from https://repo.clojars.org/
Retrieving ring/ring-codec/1.3.0/ring-codec-1.3.0.jar from https://repo.clojars.org/
Retrieving crypto-random/crypto-random/1.2.1/crypto-random-1.2.1.jar from https://repo.clojars.org/
Retrieving crypto-equality/crypto-equality/1.0.1/crypto-equality-1.0.1.jar from https://repo.clojars.org/
Retrieving fipp/fipp/0.6.27/fipp-0.6.27.jar from https://repo.clojars.org/
Retrieving expound/expound/0.9.0/expound-0.9.0.jar from https://repo.clojars.org/
Retrieving com/bhauman/cljs-test-display/0.1.1/cljs-test-display-0.1.1.jar from https://repo.clojars.org/
Retrieving lilactown/helix/0.2.2/helix-0.2.2.jar from https://repo.clojars.org/
Retrieving cljs-bean/cljs-bean/1.9.0/cljs-bean-1.9.0.jar from https://repo.clojars.org/
Retrieving mvxcvi/arrangement/2.1.0/arrangement-2.1.0.jar from https://repo.clojars.org/
Retrieving metosin/malli/0.16.4/malli-0.16.4.jar from https://repo.clojars.org/
Retrieving borkdude/dynaload/0.3.5/dynaload-0.3.5.jar from https://repo.clojars.org/
Retrieving borkdude/edamame/1.4.27/edamame-1.4.27.jar from https://repo.clojars.org/
shadow-cljs - dependencies updated
[:test] Compiling ...
========= Running Tests =======================

Testing rheos.backend.domain.board-test

Testing rheos.backend.domain.compose-test
compose-snapshot error: Doesn't support name: 42

Testing rheos.backend.domain.events-test

Testing rheos.backend.domain.task-create-test

Testing rheos.backend.domain.transition-test

Testing rheos.backend.infra.agent-tools-test
rheos: transition rejected: No transition from 'review' to 'in_review'
{
  "ok": true,
  "uuid": "t1",
  "from": "breakdown",
  "to": "ready"
}

Testing rheos.backend.infra.cli-test

Testing rheos.backend.infra.config-card-creation-test

Testing rheos.backend.infra.config-test

Testing rheos.backend.infra.github-issue-preflight-test

Testing rheos.backend.infra.github-issues-test

Testing rheos.backend.infra.store-test

Testing rheos.backend.infra.task-create-conflict-test

Testing rheos.backend.infra.task-create-test

Testing rheos.backend.infra.task-edit-test

Testing rheos.backend.infra.task-store-test

Testing rheos.backend.infra.task-writeback-test

Testing rheos.backend.infra.transition-test

Testing rheos.backend.infra.view-store-test

Testing rheos.backend.infra.watcher-test

Testing rheos.backend.law.fsm-test

Testing rheos.backend.shape.content-parser-test

Testing rheos.backend.shape.kanban-test

Ran 177 tests containing 1029 assertions.
0 failures, 0 errors.
===============================================
[:test] Build completed. (139 files, 138 compiled, 0 warnings, 7.57s)
no "source-map-support" (run "npm install source-map-support --save-dev" to get it)

Testing rheos.backend.domain.board-test

Testing rheos.backend.domain.compose-test
compose-snapshot error: Doesn't support name: 42

Testing rheos.backend.domain.events-test

Testing rheos.backend.domain.task-create-test

Testing rheos.backend.domain.transition-test

Testing rheos.backend.infra.agent-tools-test
rheos: transition rejected: No transition from 'review' to 'in_review'
{
  "ok": true,
  "uuid": "t1",
  "from": "breakdown",
  "to": "ready"
}

Testing rheos.backend.infra.cli-test

Testing rheos.backend.infra.config-card-creation-test

Testing rheos.backend.infra.config-test

Testing rheos.backend.infra.github-issue-preflight-test

Testing rheos.backend.infra.github-issues-test

Testing rheos.backend.infra.store-test

Testing rheos.backend.infra.task-create-conflict-test

Testing rheos.backend.infra.task-create-test

Testing rheos.backend.infra.task-edit-test

Testing rheos.backend.infra.task-store-test

Testing rheos.backend.infra.task-writeback-test

Testing rheos.backend.infra.transition-test

Testing rheos.backend.infra.view-store-test

Testing rheos.backend.infra.watcher-test

Testing rheos.backend.law.fsm-test

Testing rheos.backend.shape.content-parser-test

Testing rheos.backend.shape.kanban-test

Ran 177 tests containing 1029 assertions.
0 failures, 0 errors.
test: exit 0

===== build =====
command: env -u NODE_PATH pnpm build

> @eta-mu/rheos@0.1.0 build /home/runner/work/rheos/rheos
> shadow-cljs release server cli github-sync app

shadow-cljs - config: /home/runner/work/rheos/rheos/shadow-cljs.edn
[:server] Compiling ...
[:server] Build completed. (104 files, 45 compiled, 0 warnings, 12.26s)
[:cli] Compiling ...
[:cli] Build completed. (108 files, 48 compiled, 0 warnings, 6.83s)
[:github-sync] Compiling ...
[:github-sync] Build completed. (65 files, 17 compiled, 0 warnings, 4.27s)
[:app] Compiling ...
[:app] Build completed. (95 files, 49 compiled, 0 warnings, 6.79s)
build: exit 0

===== release_outputs =====
command: bash -euo pipefail -c $'\n          for output in dist/server.js dist/cli.cjs dist/github-sync.cjs dist/web/js/main.js; do\n            test -s "$output"\n          done\n        '
release_outputs: exit 0

===== diff_stat =====
command: git diff --stat 11811264a308d406cb612aefa1dad40818675e5e...HEAD
 .github/workflows/eta-mu-review.yml                |  90 +++++++
 README.md                                          |  70 +++++
 docs/cli.md                                        |   6 +-
 package.json                                       |   3 +-
 src/rheos/backend/domain/compose.cljs              |   9 +-
 src/rheos/backend/domain/task_edit.cljs            |   9 +-
 src/rheos/backend/extern/yaml.cljs                 | 136 ++++++++++
 src/rheos/backend/infra/task_edit.cljs             |  10 +-
 src/rheos/backend/infra/task_store.cljs            |  54 ++--
 src/rheos/backend/infra/task_writeback.cljs        |  20 +-
 .../law/{frontmatter.cljs => frontmatter.cljc}     |   8 +
 src/rheos/backend/shape/content_parser.cljs        | 140 +++++++---
 test/rheos/backend/domain/compose_test.cljs        |  83 ++++++
 test/rheos/backend/infra/task_edit_test.cljs       |  77 ++++++
 test/rheos/backend/infra/task_store_test.cljs      | 105 ++++++++
 test/rheos/backend/infra/task_writeback_test.cljs  | 150 ++++++++---
 test/rheos/backend/shape/content_parser_test.cljs  | 293 +++++++++++++++++++++
 17 files changed, 1140 insertions(+), 123 deletions(-)
diff_stat: exit 0
