Progress: resolved 1, reused 0, downloaded 0, added 0

   ╭─────────────────────────────────────────╮
   │                                         │
   │   Update available! 10.15.0 → 12.8.1.   │
   │   Changelog: https://pnpm.io/v/12.8.1   │
   │    To update, run: pnpm self-update     │
   │                                         │
   ╰─────────────────────────────────────────╯

Progress: resolved 17, reused 5, downloaded 11, added 0
Progress: resolved 17, reused 6, downloaded 11, added 0
Packages are hard linked from the content-addressable store to the virtual store.
  Content-addressable store is at: /home/err/.local/share/pnpm/store/v10
  Virtual store is at:             node_modules/.pnpm
Progress: resolved 17, reused 6, downloaded 12, added 0
Progress: resolved 205, reused 156, downloaded 48, added 0
 WARN  1 deprecated subdependencies found: glob@11.1.0
Packages: +221
++++++++++++++++++++++++++++++++++++++++++++++++++++++++++++++++++++++++++++++++
Progress: resolved 244, reused 160, downloaded 61, added 221, done

dependencies:
+ @fastify/cors 11.3.0
+ @fastify/static 8.3.0 (10.1.5 is available)
+ @modelcontextprotocol/sdk 1.32.0
+ chokidar 4.0.3 (5.0.0 is available)
+ fastify 5.12.5
+ yaml 2.9.1

devDependencies:
+ @open-hax/protocols 0.1.0
+ @open-hax/uxx-helix 0.1.0
+ @vitejs/plugin-react 6.1.1
+ dompurify 3.4.16
+ helix 0.3.1
+ marked 18.0.14
+ process 0.11.10
+ react 19.3.0
+ react-dom 19.3.0
+ scheduler 0.23.2 (0.28.0 is available)
+ shadow-cljs 3.5.4
+ ws 8.22.0

Done in 6.7s using pnpm v10.15.0
